// Jest Snapshot v1, https://goo.gl/fbAQLP

exports[`<Filters /> renders without crashing 1`] = `
<div>
  <div
    className="filter-row row"
  >
    <div
      className="col-md-12"
    >
      <div>
        <h4>
          Políticos
        </h4>
        <div
          className="Select Select--multi is-clearable is-loading is-searchable"
          style={undefined}
        >
          <div
            className="Select-control"
            onKeyDown={[Function]}
            onMouseDown={[Function]}
            onTouchEnd={[Function]}
            onTouchMove={[Function]}
            onTouchStart={[Function]}
            style={undefined}
          >
            <span
              className="Select-multi-value-wrapper"
              id="react-select-2--value"
            >
              <div
                className="Select-placeholder"
              >
                Loading...
              </div>
              <div
                className="Select-input"
                style={
                  Object {
                    "display": "inline-block",
                  }
                }
              >
                <input
                  aria-activedescendant="react-select-2--value"
                  aria-describedby={undefined}
                  aria-expanded="false"
                  aria-haspopup="false"
                  aria-label={undefined}
                  aria-labelledby={undefined}
                  aria-owns=""
                  className={undefined}
                  id={undefined}
                  onBlur={[Function]}
                  onChange={[Function]}
                  onFocus={[Function]}
                  required={false}
                  role="combobox"
                  style={
                    Object {
                      "boxSizing": "content-box",
                      "width": "5px",
                    }
                  }
                  tabIndex={undefined}
                  value=""
                />
                <div
                  style={
                    Object {
                      "height": 0,
                      "left": 0,
                      "overflow": "scroll",
                      "position": "absolute",
                      "top": 0,
                      "visibility": "hidden",
                      "whiteSpace": "pre",
                    }
                  }
                >
                  
                </div>
              </div>
            </span>
            <span
              aria-hidden="true"
              className="Select-loading-zone"
            >
              <span
                className="Select-loading"
              />
            </span>
            <span
              className="Select-arrow-zone"
              onMouseDown={[Function]}
            >
              <span
                className="Select-arrow"
                onMouseDown={[Function]}
              />
            </span>
          </div>
        </div>
      </div>
    </div>
  </div>
  <div
    className="filter-row row"
  >
    <div
      className="col-lg-6"
    >
      <div>
        <h4>
          Partidos
        </h4>
        <div
          className="Select Select--multi is-clearable is-loading is-searchable"
          style={undefined}
        >
          <div
            className="Select-control"
            onKeyDown={[Function]}
            onMouseDown={[Function]}
            onTouchEnd={[Function]}
            onTouchMove={[Function]}
            onTouchStart={[Function]}
            style={undefined}
          >
            <span
              className="Select-multi-value-wrapper"
              id="react-select-3--value"
            >
              <div
                className="Select-placeholder"
              >
                Loading...
              </div>
              <div
                className="Select-input"
                style={
                  Object {
                    "display": "inline-block",
                  }
                }
              >
                <input
                  aria-activedescendant="react-select-3--value"
                  aria-describedby={undefined}
                  aria-expanded="false"
                  aria-haspopup="false"
                  aria-label={undefined}
                  aria-labelledby={undefined}
                  aria-owns=""
                  className={undefined}
                  id={undefined}
                  onBlur={[Function]}
                  onChange={[Function]}
                  onFocus={[Function]}
                  required={false}
                  role="combobox"
                  style={
                    Object {
                      "boxSizing": "content-box",
                      "width": "5px",
                    }
                  }
                  tabIndex={undefined}
                  value=""
                />
                <div
                  style={
                    Object {
                      "height": 0,
                      "left": 0,
                      "overflow": "scroll",
                      "position": "absolute",
                      "top": 0,
                      "visibility": "hidden",
                      "whiteSpace": "pre",
                    }
                  }
                >
                  
                </div>
              </div>
            </span>
            <span
              aria-hidden="true"
              className="Select-loading-zone"
            >
              <span
                className="Select-loading"
              />
            </span>
            <span
              className="Select-arrow-zone"
              onMouseDown={[Function]}
            >
              <span
                className="Select-arrow"
                onMouseDown={[Function]}
              />
            </span>
          </div>
        </div>
      </div>
    </div>
    <div
      className="col-lg-6"
    >
      <div>
        <h4>
          Cargos
        </h4>
        <div
          className="Select Select--multi is-clearable is-loading is-searchable"
          style={undefined}
        >
          <div
            className="Select-control"
            onKeyDown={[Function]}
            onMouseDown={[Function]}
            onTouchEnd={[Function]}
            onTouchMove={[Function]}
            onTouchStart={[Function]}
            style={undefined}
          >
            <span
              className="Select-multi-value-wrapper"
              id="react-select-4--value"
            >
              <div
                className="Select-placeholder"
              >
                Loading...
              </div>
              <div
                className="Select-input"
                style={
                  Object {
                    "display": "inline-block",
                  }
                }
              >
                <input
                  aria-activedescendant="react-select-4--value"
                  aria-describedby={undefined}
                  aria-expanded="false"
                  aria-haspopup="false"
                  aria-label={undefined}
                  aria-labelledby={undefined}
                  aria-owns=""
                  className={undefined}
                  id={undefined}
                  onBlur={[Function]}
                  onChange={[Function]}
                  onFocus={[Function]}
                  required={false}
                  role="combobox"
                  style={
                    Object {
                      "boxSizing": "content-box",
                      "width": "5px",
                    }
                  }
                  tabIndex={undefined}
                  value=""
                />
                <div
                  style={
                    Object {
                      "height": 0,
                      "left": 0,
                      "overflow": "scroll",
                      "position": "absolute",
                      "top": 0,
                      "visibility": "hidden",
                      "whiteSpace": "pre",
                    }
                  }
                >
                  
                </div>
              </div>
            </span>
            <span
              aria-hidden="true"
              className="Select-loading-zone"
            >
              <span
                className="Select-loading"
              />
            </span>
            <span
              className="Select-arrow-zone"
              onMouseDown={[Function]}
            >
              <span
                className="Select-arrow"
                onMouseDown={[Function]}
              />
            </span>
          </div>
        </div>
      </div>
    </div>
  </div>
  <div
    className="filter-row row"
  >
    <div
      className="col-lg-6"
    >
      <div>
        <h4>
          Escolaridades
        </h4>
        <div
          className="Select Select--multi is-clearable is-loading is-searchable"
          style={undefined}
        >
          <div
            className="Select-control"
            onKeyDown={[Function]}
            onMouseDown={[Function]}
            onTouchEnd={[Function]}
            onTouchMove={[Function]}
            onTouchStart={[Function]}
            style={undefined}
          >
            <span
              className="Select-multi-value-wrapper"
              id="react-select-5--value"
            >
              <div
                className="Select-placeholder"
              >
                Loading...
              </div>
              <div
                className="Select-input"
                style={
                  Object {
                    "display": "inline-block",
                  }
                }
              >
                <input
                  aria-activedescendant="react-select-5--value"
                  aria-describedby={undefined}
                  aria-expanded="false"
                  aria-haspopup="false"
                  aria-label={undefined}
                  aria-labelledby={undefined}
                  aria-owns=""
                  className={undefined}
                  id={undefined}
                  onBlur={[Function]}
                  onChange={[Function]}
                  onFocus={[Function]}
                  required={false}
                  role="combobox"
                  style={
                    Object {
                      "boxSizing": "content-box",
                      "width": "5px",
                    }
                  }
                  tabIndex={undefined}
                  value=""
                />
                <div
                  style={
                    Object {
                      "height": 0,
                      "left": 0,
                      "overflow": "scroll",
                      "position": "absolute",
                      "top": 0,
                      "visibility": "hidden",
                      "whiteSpace": "pre",
                    }
                  }
                >
                  
                </div>
              </div>
            </span>
            <span
              aria-hidden="true"
              className="Select-loading-zone"
            >
              <span
                className="Select-loading"
              />
            </span>
            <span
              className="Select-arrow-zone"
              onMouseDown={[Function]}
            >
              <span
                className="Select-arrow"
                onMouseDown={[Function]}
              />
            </span>
          </div>
        </div>
      </div>
    </div>
    <div
      className="col-lg-6"
    >
      <div>
        <h4>
          Eleições
        </h4>
        <div
          className="Select Select--multi is-clearable is-loading is-searchable"
          style={undefined}
        >
          <div
            className="Select-control"
            onKeyDown={[Function]}
            onMouseDown={[Function]}
            onTouchEnd={[Function]}
            onTouchMove={[Function]}
            onTouchStart={[Function]}
            style={undefined}
          >
            <span
              className="Select-multi-value-wrapper"
              id="react-select-6--value"
            >
              <div
                className="Select-placeholder"
              >
                Loading...
              </div>
              <div
                className="Select-input"
                style={
                  Object {
                    "display": "inline-block",
                  }
                }
              >
                <input
                  aria-activedescendant="react-select-6--value"
                  aria-describedby={undefined}
                  aria-expanded="false"
                  aria-haspopup="false"
                  aria-label={undefined}
                  aria-labelledby={undefined}
                  aria-owns=""
                  className={undefined}
                  id={undefined}
                  onBlur={[Function]}
                  onChange={[Function]}
                  onFocus={[Function]}
                  required={false}
                  role="combobox"
                  style={
                    Object {
                      "boxSizing": "content-box",
                      "width": "5px",
                    }
                  }
                  tabIndex={undefined}
                  value=""
                />
                <div
                  style={
                    Object {
                      "height": 0,
                      "left": 0,
                      "overflow": "scroll",
                      "position": "absolute",
                      "top": 0,
                      "visibility": "hidden",
                      "whiteSpace": "pre",
                    }
                  }
                >
                  
                </div>
              </div>
            </span>
            <span
              aria-hidden="true"
              className="Select-loading-zone"
            >
              <span
                className="Select-loading"
              />
            </span>
            <span
              className="Select-arrow-zone"
              onMouseDown={[Function]}
            >
              <span
                className="Select-arrow"
                onMouseDown={[Function]}
              />
            </span>
          </div>
        </div>
      </div>
    </div>
  </div>
  <div
    className="filter-row row"
  >
    <div
      className="col-lg-6"
    >
      <div>
        <h4>
          Estados
        </h4>
        <div
          className="Select Select--multi is-clearable is-loading is-searchable"
          style={undefined}
        >
          <div
            className="Select-control"
            onKeyDown={[Function]}
            onMouseDown={[Function]}
            onTouchEnd={[Function]}
            onTouchMove={[Function]}
            onTouchStart={[Function]}
            style={undefined}
          >
            <span
              className="Select-multi-value-wrapper"
              id="react-select-7--value"
            >
              <div
                className="Select-placeholder"
              >
                Loading...
              </div>
              <div
                className="Select-input"
                style={
                  Object {
                    "display": "inline-block",
                  }
                }
              >
                <input
                  aria-activedescendant="react-select-7--value"
                  aria-describedby={undefined}
                  aria-expanded="false"
                  aria-haspopup="false"
                  aria-label={undefined}
                  aria-labelledby={undefined}
                  aria-owns=""
                  className={undefined}
                  id={undefined}
                  onBlur={[Function]}
                  onChange={[Function]}
                  onFocus={[Function]}
                  required={false}
                  role="combobox"
                  style={
                    Object {
                      "boxSizing": "content-box",
                      "width": "5px",
                    }
                  }
                  tabIndex={undefined}
                  value=""
                />
                <div
                  style={
                    Object {
                      "height": 0,
                      "left": 0,
                      "overflow": "scroll",
                      "position": "absolute",
                      "top": 0,
                      "visibility": "hidden",
                      "whiteSpace": "pre",
                    }
                  }
                >
                  
                </div>
              </div>
            </span>
            <span
              aria-hidden="true"
              className="Select-loading-zone"
            >
              <span
                className="Select-loading"
              />
            </span>
            <span
              className="Select-arrow-zone"
              onMouseDown={[Function]}
            >
              <span
                className="Select-arrow"
                onMouseDown={[Function]}
              />
            </span>
          </div>
        </div>
      </div>
    </div>
    <div
      className="col-lg-6"
    >
      <div>
        <h4>
          Cidades
        </h4>
        <div
          className="Select Select--multi is-clearable is-loading is-searchable"
          style={undefined}
        >
          <div
            className="Select-control"
            onKeyDown={[Function]}
            onMouseDown={[Function]}
            onTouchEnd={[Function]}
            onTouchMove={[Function]}
            onTouchStart={[Function]}
            style={undefined}
          >
            <span
              className="Select-multi-value-wrapper"
              id="react-select-8--value"
            >
              <div
                className="Select-placeholder"
              >
                Loading...
              </div>
              <div
                className="Select-input"
                style={
                  Object {
                    "display": "inline-block",
                  }
                }
              >
                <input
                  aria-activedescendant="react-select-8--value"
                  aria-describedby={undefined}
                  aria-expanded="false"
                  aria-haspopup="false"
                  aria-label={undefined}
                  aria-labelledby={undefined}
                  aria-owns=""
                  className={undefined}
                  id={undefined}
                  onBlur={[Function]}
                  onChange={[Function]}
                  onFocus={[Function]}
                  required={false}
                  role="combobox"
                  style={
                    Object {
                      "boxSizing": "content-box",
                      "width": "5px",
                    }
                  }
                  tabIndex={undefined}
                  value=""
                />
                <div
                  style={
                    Object {
                      "height": 0,
                      "left": 0,
                      "overflow": "scroll",
                      "position": "absolute",
                      "top": 0,
                      "visibility": "hidden",
                      "whiteSpace": "pre",
                    }
                  }
                >
                  
                </div>
              </div>
            </span>
            <span
              aria-hidden="true"
              className="Select-loading-zone"
            >
              <span
                className="Select-loading"
              />
            </span>
            <span
              className="Select-arrow-zone"
              onMouseDown={[Function]}
            >
              <span
                className="Select-arrow"
                onMouseDown={[Function]}
              />
            </span>
          </div>
        </div>
      </div>
    </div>
  </div>
  <div
    className="filter-row row"
  >
    <div
      className="col-lg-6"
    >
      <div>
        <h4>
          Eleito
        </h4>
        <div
          className="Select Select--multi is-clearable is-loading is-searchable"
          style={undefined}
        >
          <div
            className="Select-control"
            onKeyDown={[Function]}
            onMouseDown={[Function]}
            onTouchEnd={[Function]}
            onTouchMove={[Function]}
            onTouchStart={[Function]}
            style={undefined}
          >
            <span
              className="Select-multi-value-wrapper"
              id="react-select-9--value"
            >
              <div
                className="Select-placeholder"
              >
                Loading...
              </div>
              <div
                className="Select-input"
                style={
                  Object {
                    "display": "inline-block",
                  }
                }
              >
                <input
                  aria-activedescendant="react-select-9--value"
                  aria-describedby={undefined}
                  aria-expanded="false"
                  aria-haspopup="false"
                  aria-label={undefined}
                  aria-labelledby={undefined}
                  aria-owns=""
                  className={undefined}
                  id={undefined}
                  onBlur={[Function]}
                  onChange={[Function]}
                  onFocus={[Function]}
                  required={false}
                  role="combobox"
                  style={
                    Object {
                      "boxSizing": "content-box",
                      "width": "5px",
                    }
                  }
                  tabIndex={undefined}
                  value=""
                />
                <div
                  style={
                    Object {
                      "height": 0,
                      "left": 0,
                      "overflow": "scroll",
                      "position": "absolute",
                      "top": 0,
                      "visibility": "hidden",
                      "whiteSpace": "pre",
                    }
                  }
                >
                  
                </div>
              </div>
            </span>
            <span
              aria-hidden="true"
              className="Select-loading-zone"
            >
              <span
                className="Select-loading"
              />
            </span>
            <span
              className="Select-arrow-zone"
              onMouseDown={[Function]}
            >
              <span
                className="Select-arrow"
                onMouseDown={[Function]}
              />
            </span>
          </div>
        </div>
      </div>
    </div>
    <div
      className="col-lg-6"
    >
      <div>
        <h4>
          Sexo
        </h4>
        <div
          className="Select Select--multi is-clearable is-loading is-searchable"
          style={undefined}
        >
          <div
            className="Select-control"
            onKeyDown={[Function]}
            onMouseDown={[Function]}
            onTouchEnd={[Function]}
            onTouchMove={[Function]}
            onTouchStart={[Function]}
            style={undefined}
          >
            <span
              className="Select-multi-value-wrapper"
              id="react-select-10--value"
            >
              <div
                className="Select-placeholder"
              >
                Loading...
              </div>
              <div
                className="Select-input"
                style={
                  Object {
                    "display": "inline-block",
                  }
                }
              >
                <input
                  aria-activedescendant="react-select-10--value"
                  aria-describedby={undefined}
                  aria-expanded="false"
                  aria-haspopup="false"
                  aria-label={undefined}
                  aria-labelledby={undefined}
                  aria-owns=""
                  className={undefined}
                  id={undefined}
                  onBlur={[Function]}
                  onChange={[Function]}
                  onFocus={[Function]}
                  required={false}
                  role="combobox"
                  style={
                    Object {
                      "boxSizing": "content-box",
                      "width": "5px",
                    }
                  }
                  tabIndex={undefined}
                  value=""
                />
                <div
                  style={
                    Object {
                      "height": 0,
                      "left": 0,
                      "overflow": "scroll",
                      "position": "absolute",
                      "top": 0,
                      "visibility": "hidden",
                      "whiteSpace": "pre",
                    }
                  }
                >
                  
                </div>
              </div>
            </span>
            <span
              aria-hidden="true"
              className="Select-loading-zone"
            >
              <span
                className="Select-loading"
              />
            </span>
            <span
              className="Select-arrow-zone"
              onMouseDown={[Function]}
            >
              <span
                className="Select-arrow"
                onMouseDown={[Function]}
              />
            </span>
          </div>
        </div>
      </div>
    </div>
  </div>
  <div
    className="filter-row row"
  >
    <div
      className="col-lg-6"
    >
      <div>
        <h4>
          Profissões
        </h4>
        <div
          className="Select Select--multi is-clearable is-loading is-searchable"
          style={undefined}
        >
          <div
            className="Select-control"
            onKeyDown={[Function]}
            onMouseDown={[Function]}
            onTouchEnd={[Function]}
            onTouchMove={[Function]}
            onTouchStart={[Function]}
            style={undefined}
          >
            <span
              className="Select-multi-value-wrapper"
              id="react-select-11--value"
            >
              <div
                className="Select-placeholder"
              >
                Loading...
              </div>
              <div
                className="Select-input"
                style={
                  Object {
                    "display": "inline-block",
                  }
                }
              >
                <input
                  aria-activedescendant="react-select-11--value"
                  aria-describedby={undefined}
                  aria-expanded="false"
                  aria-haspopup="false"
                  aria-label={undefined}
                  aria-labelledby={undefined}
                  aria-owns=""
                  className={undefined}
                  id={undefined}
                  onBlur={[Function]}
                  onChange={[Function]}
                  onFocus={[Function]}
                  required={false}
                  role="combobox"
                  style={
                    Object {
                      "boxSizing": "content-box",
                      "width": "5px",
                    }
                  }
                  tabIndex={undefined}
                  value=""
                />
                <div
                  style={
                    Object {
                      "height": 0,
                      "left": 0,
                      "overflow": "scroll",
                      "position": "absolute",
                      "top": 0,
                      "visibility": "hidden",
                      "whiteSpace": "pre",
                    }
                  }
                >
                  
                </div>
              </div>
            </span>
            <span
              aria-hidden="true"
              className="Select-loading-zone"
            >
              <span
                className="Select-loading"
              />
            </span>
            <span
              className="Select-arrow-zone"
              onMouseDown={[Function]}
            >
              <span
                className="Select-arrow"
                onMouseDown={[Function]}
              />
            </span>
          </div>
        </div>
      </div>
    </div>
    <div
      className="col-lg-6"
    >
      <div>
        <h4>
          Estado Civil
        </h4>
        <div
          className="Select Select--multi is-clearable is-loading is-searchable"
          style={undefined}
        >
          <div
            className="Select-control"
            onKeyDown={[Function]}
            onMouseDown={[Function]}
            onTouchEnd={[Function]}
            onTouchMove={[Function]}
            onTouchStart={[Function]}
            style={undefined}
          >
            <span
              className="Select-multi-value-wrapper"
              id="react-select-12--value"
            >
              <div
                className="Select-placeholder"
              >
                Loading...
              </div>
              <div
                className="Select-input"
                style={
                  Object {
                    "display": "inline-block",
                  }
                }
              >
                <input
                  aria-activedescendant="react-select-12--value"
                  aria-describedby={undefined}
                  aria-expanded="false"
                  aria-haspopup="false"
                  aria-label={undefined}
                  aria-labelledby={undefined}
                  aria-owns=""
                  className={undefined}
                  id={undefined}
                  onBlur={[Function]}
                  onChange={[Function]}
                  onFocus={[Function]}
                  required={false}
                  role="combobox"
                  style={
                    Object {
                      "boxSizing": "content-box",
                      "width": "5px",
                    }
                  }
                  tabIndex={undefined}
                  value=""
                />
                <div
                  style={
                    Object {
                      "height": 0,
                      "left": 0,
                      "overflow": "scroll",
                      "position": "absolute",
                      "top": 0,
                      "visibility": "hidden",
                      "whiteSpace": "pre",
                    }
                  }
                >
                  
                </div>
              </div>
            </span>
            <span
              aria-hidden="true"
              className="Select-loading-zone"
            >
              <span
                className="Select-loading"
              />
            </span>
            <span
              className="Select-arrow-zone"
              onMouseDown={[Function]}
            >
              <span
                className="Select-arrow"
                onMouseDown={[Function]}
              />
            </span>
          </div>
        </div>
      </div>
    </div>
  </div>
  <div
    className="filter-row row"
  >
    <div
      className="col-md-6"
    >
      <button
        className="btn btn-primary btn-filter"
        onClick={[Function]}
      >
        Filtrar
      </button>
    </div>
  </div>
</div>
`;
