// Jest Snapshot v1, https://goo.gl/fbAQLP

exports[`<PoliticiansList /> renders <Loading /> when there is no data 1`] = `
<div>
  <span
    className="glyphicon glyphicon-refresh glyphicon-refresh-animate"
  />
  <span>
    Loading...
  </span>
</div>
`;

exports[`<PoliticiansList /> renders without crashing 1`] = `
<ul
  className="col-lg-12 list-group politicians"
>
  <li
    className="list-group-item"
  >
    <div
      className="politician-list"
    >
      <div
        className=""
      >
        <div
          className="row"
        >
          <div
            className="col-lg-12"
          >
            <div
              className="politician-name"
            >
              undefined (Metal)
            </div>
          </div>
        </div>
        <div
          className="row"
        >
          <div
            className="col-lg-3"
          >
            <div>
              <span
                aria-hidden="true"
                className="glyphicon glyphicon-user"
              />
              Sem Foto
            </div>
          </div>
          <div
            className="col-lg-5"
          >
            <div
              className="details"
            >
              <p>
                Sexo: 
                Não informado
              </p>
              <p>
                Partido: 
                rock
              </p>
              <p>
                Estado civil: 
                single
              </p>
              <p>
                Ocupação: 
                Developer
              </p>
              <p>
                Escolaridade: 
                rock
              </p>
              <p>
                Data de nascimento: 
                1800-01-01
              </p>
              <p>
                Nacionalidade: 
                rock
              </p>
              <p>
                Naturalidade: 
                heavy metal
                /
                rock
              </p>
              <p>
                Nomes Alternativos: 
              </p>
              <p>
                Cor/Raça:
                 
                rock
              </p>
              <p>
                Email: 
                rock@rock.com
              </p>
              <p>
                Website: 
                https://rock.com
              </p>
            </div>
          </div>
          <div
            className="col-lg-4"
          >
            <div
              className="panel panel-info candidacies"
            >
              <div
                className="panel-heading"
              >
                <h3
                  className="panel-title"
                >
                  Candidaturas
                </h3>
              </div>
              <div
                className="panel-body"
              />
            </div>
          </div>
        </div>
      </div>
    </div>
  </li>
</ul>
`;
