// Jest Snapshot v1, https://goo.gl/fbAQLP

exports[`<PoliticianCandidacies /> renders without crashing 1`] = `
<div
  className="panel panel-info candidacies"
>
  <div
    className="panel-heading"
  >
    <h3
      className="panel-title"
    >
      Candidaturas
    </h3>
  </div>
  <div
    className="panel-body"
  >
    <dl
      className="dl-horizontal"
    >
      <dt>
        2000
      </dt>
      <dd>
        <div
          className="candidacy-list-item"
        >
          Não eleito
           no 
          1
          ° turno para
           
          Vereador
           
          em Moju/PA
        </div>
      </dd>
    </dl>
  </div>
</div>
`;
